// Jest Snapshot v1, https://goo.gl/fbAQLP

exports[`button test 1`] = `
<div
  className="btn"
>
  <div
    className="icon"
    style={
      Object {
        "display": "none",
      }
    }
  >
    3
  </div>
  按钮
</div>
`;
